[2025-07-01 11:39:48] production.ERROR: Uncaught ReflectionException: Class "Modules\OnlineExam\Http\Middleware\TestExamMiddleware" does not exist in Command line code:1
Stack trace:
#0 Command line code(1): ReflectionMethod->__construct('Modules\\OnlineE...', 'handle')
#1 {main}
  thrown {"exception":"[object] (Symfony\\Component\\ErrorHandler\\Error\\FatalError(code: 0): Uncaught ReflectionException: Class \"Modules\\OnlineExam\\Http\\Middleware\\TestExamMiddleware\" does not exist in Command line code:1
Stack trace:
#0 Command line code(1): ReflectionMethod->__construct('Modules\\\\OnlineE...', 'handle')
#1 {main}
  thrown at Command line code:1)
[stacktrace]
#0 {main}
"} 
[2025-07-01 13:23:53] production.ERROR: Uncaught ReflectionException: Class "Modules\OnlineExam\Http\Middleware\TestExamMiddleware" does not exist in Command line code:1
Stack trace:
#0 Command line code(1): ReflectionMethod->__construct('Modules\\OnlineE...', 'handle')
#1 {main}
  thrown {"exception":"[object] (Symfony\\Component\\ErrorHandler\\Error\\FatalError(code: 0): Uncaught ReflectionException: Class \"Modules\\OnlineExam\\Http\\Middleware\\TestExamMiddleware\" does not exist in Command line code:1
Stack trace:
#0 Command line code(1): ReflectionMethod->__construct('Modules\\\\OnlineE...', 'handle')
#1 {main}
  thrown at Command line code:1)
[stacktrace]
#0 {main}
"} 
